I'm sorry, but errors were detected in your script. Please correct the
errors listed below, and try again.


File "game/script.rpy", line 130: is not terminated with a newline. (Check strings and parenthesis.)
(Perhaps you left out a " at the end of the first line.)
    "Lorsque vous serez arrivé dans la fôret, suivez le chemin de cailloux.

Ren'Py Version: Ren'Py 7.1.3.1092
Thu Oct 10 00:22:57 2019
